
> @resolveai/web@0.1.0 build /Users/mavery/Documents/New project/resolveai/apps/web
> next build

   [1m[38;2;173;127;168m▲ Next.js 15.1.3[39m[22m

 [37m[1m [22m[39m Creating an optimized production build ...
 [32m[1m✓[22m[39m Compiled successfully
[?25l [37m[1m [22m[39m Linting and checking validity of types  [36m.[39m[2K[1G [37m[1m [22m[39m Linting and checking validity of types  [36m..[39m[2K[1G [37m[1m [22m[39m Linting and checking validity of types  [36m...[39m
 ⚠ The Next.js plugin was not detected in your ESLint configuration. See https://nextjs.org/docs/app/api-reference/config/eslint#migrating-existing-config
[2K[1G [37m[1m [22m[39m Linting and checking validity of types  [36m.[39m[2K[1G[?25h [37m[1m [22m[39m Linting and checking validity of types     [32m[1m✓[22m[39m Linting and checking validity of types 
[?25l [37m[1m [22m[39m Collecting page data  [36m.[39m[2K[1G [37m[1m [22m[39m Collecting page data  [36m..[39m[2K[1G[?25h [37m[1m [22m[39m Collecting page data     [32m[1m✓[22m[39m Collecting page data 
[?25l [37m[1m [22m[39m Generating static pages (0/9)  [36m[    ][39m[2K[1G [37m[1m [22m[39m Generating static pages (0/9)  [36m[=   ][39m[2K[1G[?25h [32m[1m✓[22m[39m Generating static pages (9/9)
[?25l [37m[1m [22m[39m Finalizing page optimization  [36m.[39m[?25l [37m[1m [22m[39m Collecting build traces  [36m.[39m[2K[1G [37m[1m [22m[39m Finalizing page optimization  [36m..[39m[2K[1G [37m[1m [22m[39m Collecting build traces  [36m..[39m[2K[1G [37m[1m [22m[39m Finalizing page optimization  [36m...[39m[2K[1G [37m[1m [22m[39m Collecting build traces  [36m...[39m[2K[1G [37m[1m [22m[39m Finalizing page optimization  [36m.[39m[2K[1G [37m[1m [22m[39m Collecting build traces  [36m.[39m[2K[1G [37m[1m [22m[39m Finalizing page optimization  [36m..[39m[2K[1G [37m[1m [22m[39m Collecting build traces  [36m..[39m[2K[1G [37m[1m [22m[39m Finalizing page optimization  [36m...[39m[2K[1G [37m[1m [22m[39m Collecting build traces  [36m...[39m[2K[1G [37m[1m [22m[39m Finalizing page optimization  [36m.[39m[2K[1G [37m[1m [22m[39m Collecting build traces  [36m.[39m[2K[1G [37m[1m [22m[39m Finalizing page optimization  [36m..[39m[2K[1G [37m[1m [22m[39m Collecting build traces  [36m..[39m[2K[1G [37m[1m [22m[39m Finalizing page optimization  [36m...[39m[2K[1G [37m[1m [22m[39m Collecting build traces  [36m...[39m[2K[1G[?25h [37m[1m [22m[39m Collecting build traces     [32m[1m✓[22m[39m Collecting build traces 
[2K[1G[?25h [37m[1m [22m[39m Finalizing page optimization     [32m[1m✓[22m[39m Finalizing page optimization 

[4mRoute (app)[24m                                    [4mSize[24m     [4mFirst Load JS[24m
┌ ○ /                                          3.73 kB         [37m[1m109 kB[22m[39m
├ ○ /_not-found                                983 B           [37m[1m106 kB[22m[39m
├ ○ /dashboard                                 153 B           [37m[1m105 kB[22m[39m
├ ○ /dashboard/organizations                   153 B           [37m[1m105 kB[22m[39m
├ ƒ /dashboard/organizations/[organizationId]  153 B           [37m[1m105 kB[22m[39m
├ ○ /dashboard/settings                        153 B           [37m[1m105 kB[22m[39m
├ ƒ /dashboard/workspaces/[workspaceId]        153 B           [37m[1m105 kB[22m[39m
├ ○ /login                                     153 B           [37m[1m105 kB[22m[39m
└ ○ /register                                  153 B           [37m[1m105 kB[22m[39m
+ First Load JS shared by all                  [37m[1m105 kB[22m[39m
  ├ chunks/112-bb7475cc1c374b26.js             50.4 kB
  ├ chunks/ca9f7bf3-a128ffc04cd3857a.js        53 kB
  └ other shared chunks (total)                1.87 kB


○  (Static)   prerendered as static content
ƒ  (Dynamic)  server-rendered on demand

[?25h
