
> @resolveai/api@0.1.0 build /Users/mavery/Documents/New project/resolveai/apps/api
> nest build

[96msrc/auth/auth.service.ts[0m:[93m5[0m:[93m36[0m - [91merror[0m[90m TS2307: [0mCannot find module '@resolveai/database' or its corresponding type declarations.

[7m5[0m import { PrismaClient, User } from '@resolveai/database';
[7m [0m [91m                                   ~~~~~~~~~~~~~~~~~~~~~[0m
[96msrc/database/database.module.ts[0m:[93m2[0m:[93m24[0m - [91merror[0m[90m TS2307: [0mCannot find module '@resolveai/database' or its corresponding type declarations.

[7m2[0m import { prisma } from '@resolveai/database';
[7m [0m [91m                       ~~~~~~~~~~~~~~~~~~~~~[0m
[96msrc/organizations/organizations.service.ts[0m:[93m2[0m:[93m30[0m - [91merror[0m[90m TS2307: [0mCannot find module '@resolveai/database' or its corresponding type declarations.

[7m2[0m import { PrismaClient } from '@resolveai/database';
[7m [0m [91m                             ~~~~~~~~~~~~~~~~~~~~~[0m
[96msrc/organizations/organizations.service.ts[0m:[93m7[0m:[93m91[0m - [91merror[0m[90m TS7006: [0mParameter 'tx' implicitly has an 'any' type.

[7m7[0m   async create(userId: string, dto: OrganizationDto) { return this.db.$transaction(async (tx) => { const organization = await tx.organization.create({ data: { name: dto.name.trim(), slug: dto.slug } }); await tx.organizationMember.create({ data: { userId, organizationId: organization.id, role: 'OWNER' } }); const workspace = await tx.workspace.create({ data: { organizationId: organization.id, name: 'General', slug: 'general' } }); await tx.workspaceMember.create({ data: { workspaceId: workspace.id, userId, role: 'ADMIN' } }); return { ...organization, workspaces: [workspace] }; }); }
[7m [0m [91m                                                                                          ~~[0m
[96msrc/workspaces/workspaces.service.ts[0m:[93m2[0m:[93m30[0m - [91merror[0m[90m TS2307: [0mCannot find module '@resolveai/database' or its corresponding type declarations.

[7m2[0m import { PrismaClient } from '@resolveai/database';
[7m [0m [91m                             ~~~~~~~~~~~~~~~~~~~~~[0m
[96msrc/workspaces/workspaces.service.ts[0m:[93m8[0m:[93m283[0m - [91merror[0m[90m TS7006: [0mParameter 'tx' implicitly has an 'any' type.

[7m8[0m   async create(userId: string, organizationId: string, dto: WorkspaceDto) { const member = await this.orgRole(userId, organizationId); if (!member || member.role === 'MEMBER') throw new ForbiddenException('Insufficient organization permissions'); return this.db.$transaction(async (tx) => { const workspace = await tx.workspace.create({ data: { organizationId, name: dto.name.trim(), slug: dto.slug } }); await tx.workspaceMember.create({ data: { workspaceId: workspace.id, userId, role: 'ADMIN' } }); return workspace; }); }
[7m [0m [91m                                                                                                                                                                                                                                                                                          ~~[0m

Found 6 error(s).

[41m[30m ELIFECYCLE [39m[49m [31mCommand failed with exit code 1.[39m
